******************************************************************************
             TMS320C2000 Linker PC v20.2.2                     
******************************************************************************
>> Linked Fri Jun 13 18:13:43 2025

OUTPUT FILE NAME:   <MT009_Sensorless.out>
ENTRY POINT SYMBOL: "_c_int00"  address: 003f540b


MEMORY CONFIGURATION

         name            origin    length      used     unused   attr    fill
----------------------  --------  ---------  --------  --------  ----  --------
PAGE 0:
  RAML0                 00008000   00000800  00000000  00000800  RWIX
  RAML1                 00008800   00000400  00000000  00000400  RWIX
  OTP                   003d7800   00000400  00000000  00000400  RWIX
  FLASHH                003d8000   00004000  00000000  00004000  RWIX
  FLASHG                003dc000   00004000  00000000  00004000  RWIX
  FLASHF                003e0000   00004000  00000000  00004000  RWIX
  FLASHE                003e4000   00004000  00000000  00004000  RWIX
  FLASHD                003e8000   00004000  00000004  00003ffc  RWIX
  FLASHC                003ec000   00004000  00000000  00004000  RWIX
  FLASHA                003f4000   00003f80  000017a7  000027d9  RWIX
  CSM_RSVD              003f7f80   00000076  00000000  00000076  RWIX
  BEGIN                 003f7ff6   00000002  00000002  00000000  RWIX
  CSM_PWL_P0            003f7ff8   00000008  00000000  00000008  RWIX
  FPUTABLES             003fd860   000006a0  00000000  000006a0  RWIX
  IQTABLES              003fdf00   00000b50  00000000  00000b50  RWIX
  IQTABLES2             003fea50   0000008c  00000000  0000008c  RWIX
  IQTABLES3             003feadc   000000aa  00000000  000000aa  RWIX
  ROM                   003ff3b0   00000c10  00000000  00000c10  RWIX
  RESET                 003fffc0   00000002  00000000  00000002  RWIX
  VECTORS               003fffc2   0000003e  00000000  0000003e  RWIX

PAGE 1:
  BOOT_RSVD             00000000   00000050  00000000  00000050  RWIX
  RAMM0                 00000050   000003b0  00000300  000000b0  RWIX
  RAMM1                 00000400   00000400  00000000  00000400  RWIX
  DEV_EMU               00000880   00000105  00000004  00000101  RWIX
  SYS_PWR_CTL           00000985   00000003  00000003  00000000  RWIX
  FLASH_REGS            00000a80   00000060  00000008  00000058  RWIX
  CSM                   00000ae0   00000020  00000010  00000010  RWIX
  ADC_RESULT            00000b00   00000020  00000010  00000010  RWIX
  CPU_TIMER0            00000c00   00000008  00000008  00000000  RWIX
  CPU_TIMER1            00000c08   00000008  00000008  00000000  RWIX
  CPU_TIMER2            00000c10   00000008  00000008  00000000  RWIX
  PIE_CTRL              00000ce0   00000020  0000001a  00000006  RWIX
  PIE_VECT              00000d00   00000100  00000100  00000000  RWIX
  DMA                   00001000   00000200  000000e0  00000120  RWIX
  CLA1                  00001400   00000080  00000040  00000040  RWIX
  McBSPA                00005000   00000040  00000024  0000001c  RWIX
  ECANA                 00006000   00000040  00000034  0000000c  RWIX
  ECANA_LAM             00006040   00000040  00000040  00000000  RWIX
  ECANA_MOTS            00006080   00000040  00000040  00000000  RWIX
  ECANA_MOTO            000060c0   00000040  00000040  00000000  RWIX
  ECANA_MBOX            00006100   00000100  00000100  00000000  RWIX
  COMP1                 00006400   00000020  00000007  00000019  RWIX
  COMP2                 00006420   00000020  00000007  00000019  RWIX
  COMP3                 00006440   00000020  00000007  00000019  RWIX
  EPWM1                 00006800   00000040  00000040  00000000  RWIX
  EPWM2                 00006840   00000040  00000040  00000000  RWIX
  EPWM3                 00006880   00000040  00000040  00000000  RWIX
  EPWM4                 000068c0   00000040  00000040  00000000  RWIX
  EPWM5                 00006900   00000040  00000040  00000000  RWIX
  EPWM6                 00006940   00000040  00000040  00000000  RWIX
  EPWM7                 00006980   00000040  00000040  00000000  RWIX
  EPWM8                 000069c0   00000040  00000040  00000000  RWIX
  ECAP1                 00006a00   00000020  00000020  00000000  RWIX
  ECAP2                 00006a20   00000020  00000020  00000000  RWIX
  ECAP3                 00006a40   00000020  00000020  00000000  RWIX
  EQEP1                 00006b00   00000040  00000022  0000001e  RWIX
  EQEP2                 00006b40   00000040  00000022  0000001e  RWIX
  GPIOCTRL              00006f80   00000040  00000040  00000000  RWIX
  GPIODAT               00006fc0   00000020  00000020  00000000  RWIX
  GPIOINT               00006fe0   00000020  00000020  00000000  RWIX
  SYSTEM                00007010   00000030  00000030  00000000  RWIX
  SPIA                  00007040   00000010  00000010  00000000  RWIX
  SCIA                  00007050   00000010  00000010  00000000  RWIX
  NMIINTRUPT            00007060   00000010  00000010  00000000  RWIX
  XINTRUPT              00007070   00000010  00000010  00000000  RWIX
  ADC                   00007100   00000080  00000050  00000030  RWIX
  SPIB                  00007740   00000010  00000010  00000000  RWIX
  SCIB                  00007750   00000010  00000010  00000000  RWIX
  I2CA                  00007900   00000040  00000022  0000001e  RWIX
  RAML2                 00008c00   00000400  000000c3  0000033d  RWIX
  RAML3                 00009000   00001000  00000000  00001000  RWIX
  RAML4                 0000a000   00002000  00000000  00002000  RWIX
  RAML5                 0000c000   00002000  00000000  00002000  RWIX
  RAML6                 0000e000   00002000  00000000  00002000  RWIX
  RAML7                 00010000   00002000  00000000  00002000  RWIX
  RAML8                 00012000   00002000  00000000  00002000  RWIX
  PARTID                003d7e80   00000001  00000001  00000000  RWIX
  FLASHB                003f0000   00004000  00000000  00004000  RWIX
  CSM_PWL               003f7ff8   00000008  00000008  00000000  RWIX


SECTION ALLOCATION MAP

 output                                  attributes/
section   page    origin      length       input sections
--------  ----  ----------  ----------   ----------------
.cinit     0    003f5710    00000098     
                  003f5710    00000032     foc.obj (.cinit)
                  003f5742    00000011     paremeter.obj (.cinit:_Id_PID_paremeters)
                  003f5753    00000011     paremeter.obj (.cinit:_Iq_PID_paremeters)
                  003f5764    0000000f     smo.obj (.cinit)
                  003f5773    0000000e     adc.obj (.cinit)
                  003f5781    0000000e     rts2800_fpu32.lib : exit.c.obj (.cinit)
                  003f578f    00000009     paremeter.obj (.cinit:_SMO_paremeters)
                  003f5798    00000005     rts2800_fpu32.lib : _lock.c.obj (.cinit:__lock)
                  003f579d    00000005                       : _lock.c.obj (.cinit:__unlock)
                  003f57a2    00000004     timer.obj (.cinit)
                  003f57a6    00000002     --HOLE-- [fill = 0]

.pinit     0    003f4000    00000000     UNINITIALIZED

ramfuncs   0    003e8000    00000004     
                  003e8000    00000004     F2806x_usDelay.obj (ramfuncs)

.text      0    003f4000    00001609     
                  003f4000    00000568     foc.obj (.text)
                  003f4568    00000369     F2806x_DefaultIsr.obj (.text:retain)
                  003f48d1    0000020e     F2806x_Adc.obj (.text)
                  003f4adf    000001ec     smo.obj (.text)
                  003f4ccb    00000198     pwm.obj (.text)
                  003f4e63    00000152     F2806x_SysCtrl.obj (.text)
                  003f4fb5    000000f2     pid.obj (.text)
                  003f50a7    000000cf     rts2800_fpu32.lib : e_fmodf.c.obj (.text)
                  003f5176    00000088                       : fs_div28.asm.obj (.text)
                  003f51fe    00000079     adc.obj (.text)
                  003f5277    00000075     F2806x_CpuTimers.obj (.text)
                  003f52ec    00000063     adc.obj (.text:retain)
                  003f534f    00000063     rts2800_fpu32.lib : s_cosf.c.obj (.text)
                  003f53b2    00000059                       : s_sinf.c.obj (.text)
                  003f540b    00000056                       : boot28.asm.obj (.text)
                  003f5461    00000043     timer.obj (.text:retain)
                  003f54a4    0000003a     timer.obj (.text)
                  003f54de    00000029     rts2800_fpu32.lib : exit.c.obj (.text)
                  003f5507    00000028     F2806x_PieCtrl.obj (.text)
                  003f552f    00000027     main.obj (.text)
                  003f5556    00000026     F2806x_PieVect.obj (.text)
                  003f557c    00000024     rts2800_fpu32.lib : cpy_tbl.c.obj (.text)
                  003f55a0    0000001d                       : memcpy.c.obj (.text)
                  003f55bd    0000001c     gpio.obj (.text)
                  003f55d9    00000012     rts2800_fpu32.lib : args_main.c.obj (.text)
                  003f55eb    00000009                       : _lock.c.obj (.text)
                  003f55f4    00000008     F2806x_CodeStartBranch.obj (.text)
                  003f55fc    00000007     F2806x_DisInt.obj (.text)
                  003f5603    00000003     F2806x_DBGIER.obj (.text)
                  003f5606    00000002     rts2800_fpu32.lib : pre_init.c.obj (.text)
                  003f5608    00000001                       : startup.c.obj (.text)

codestart 
*          0    003f7ff6    00000002     
                  003f7ff6    00000002     F2806x_CodeStartBranch.obj (codestart)

.stack     1    00000050    00000300     UNINITIALIZED
                  00000050    00000300     --HOLE--

.ebss      1    00008c00    000000c3     UNINITIALIZED
                  00008c00    00000052     foc.obj (.ebss)
                  00008c52    00000024     smo.obj (.ebss)
                  00008c76    00000008     adc.obj (.ebss)
                  00008c7e    00000002     rts2800_fpu32.lib : _lock.c.obj (.ebss:__lock)
                  00008c80    00000018     F2806x_CpuTimers.obj (.ebss)
                  00008c98    0000000e     paremeter.obj (.ebss:_Id_PID_paremeters)
                  00008ca6    0000000e     paremeter.obj (.ebss:_Iq_PID_paremeters)
                  00008cb4    00000006     paremeter.obj (.ebss:_SMO_paremeters)
                  00008cba    00000006     rts2800_fpu32.lib : exit.c.obj (.ebss)
                  00008cc0    00000002                       : _lock.c.obj (.ebss:__unlock)
                  00008cc2    00000001     timer.obj (.ebss)

.econst    0    003f560a    00000106     
                  003f560a    00000100     F2806x_PieVect.obj (.econst:_PieVectTableInit)
                  003f570a    00000004     rts2800_fpu32.lib : e_fmodf.c.obj (.econst:_Zero)
                  003f570e    00000002                       : e_fmodf.c.obj (.econst)

.reset     0    003fffc0    00000002     DSECT
                  003fffc0    00000002     rts2800_fpu32.lib : boot28.asm.obj (.reset)

vectors    0    003fffc2    00000000     DSECT

DevEmuRegsFile 
*          1    00000880    00000004     UNINITIALIZED
                  00000880    00000004     F2806x_GlobalVariableDefs.obj (DevEmuRegsFile)

SysPwrCtrlRegsFile 
*          1    00000985    00000003     UNINITIALIZED
                  00000985    00000003     F2806x_GlobalVariableDefs.obj (SysPwrCtrlRegsFile)

FlashRegsFile 
*          1    00000a80    00000008     UNINITIALIZED
                  00000a80    00000008     F2806x_GlobalVariableDefs.obj (FlashRegsFile)

CsmRegsFile 
*          1    00000ae0    00000010     UNINITIALIZED
                  00000ae0    00000010     F2806x_GlobalVariableDefs.obj (CsmRegsFile)

AdcResultFile 
*          1    00000b00    00000010     UNINITIALIZED
                  00000b00    00000010     F2806x_GlobalVariableDefs.obj (AdcResultFile)

CpuTimer0RegsFile 
*          1    00000c00    00000008     UNINITIALIZED
                  00000c00    00000008     F2806x_GlobalVariableDefs.obj (CpuTimer0RegsFile)

CpuTimer1RegsFile 
*          1    00000c08    00000008     UNINITIALIZED
                  00000c08    00000008     F2806x_GlobalVariableDefs.obj (CpuTimer1RegsFile)

CpuTimer2RegsFile 
*          1    00000c10    00000008     UNINITIALIZED
                  00000c10    00000008     F2806x_GlobalVariableDefs.obj (CpuTimer2RegsFile)

PieCtrlRegsFile 
*          1    00000ce0    0000001a     UNINITIALIZED
                  00000ce0    0000001a     F2806x_GlobalVariableDefs.obj (PieCtrlRegsFile)

PieVectTableFile 
*          1    00000d00    00000100     UNINITIALIZED
                  00000d00    00000100     F2806x_GlobalVariableDefs.obj (PieVectTableFile)

EmuKeyVar 
*          1    00000d00    00000001     UNINITIALIZED
                  00000d00    00000001     F2806x_GlobalVariableDefs.obj (EmuKeyVar)

EmuBModeVar 
*          1    00000d01    00000001     UNINITIALIZED
                  00000d01    00000001     F2806x_GlobalVariableDefs.obj (EmuBModeVar)

FlashCallbackVar 
*          1    00000d02    00000002     UNINITIALIZED
                  00000d02    00000002     F2806x_GlobalVariableDefs.obj (FlashCallbackVar)

FlashScalingVar 
*          1    00000d04    00000002     UNINITIALIZED
                  00000d04    00000002     F2806x_GlobalVariableDefs.obj (FlashScalingVar)

DmaRegsFile 
*          1    00001000    000000e0     UNINITIALIZED
                  00001000    000000e0     F2806x_GlobalVariableDefs.obj (DmaRegsFile)

Cla1RegsFile 
*          1    00001400    00000040     UNINITIALIZED
                  00001400    00000040     F2806x_GlobalVariableDefs.obj (Cla1RegsFile)

McbspaRegsFile 
*          1    00005000    00000024     UNINITIALIZED
                  00005000    00000024     F2806x_GlobalVariableDefs.obj (McbspaRegsFile)

ECanaRegsFile 
*          1    00006000    00000034     UNINITIALIZED
                  00006000    00000034     F2806x_GlobalVariableDefs.obj (ECanaRegsFile)

ECanaLAMRegsFile 
*          1    00006040    00000040     UNINITIALIZED
                  00006040    00000040     F2806x_GlobalVariableDefs.obj (ECanaLAMRegsFile)

ECanaMOTSRegsFile 
*          1    00006080    00000040     UNINITIALIZED
                  00006080    00000040     F2806x_GlobalVariableDefs.obj (ECanaMOTSRegsFile)

ECanaMOTORegsFile 
*          1    000060c0    00000040     UNINITIALIZED
                  000060c0    00000040     F2806x_GlobalVariableDefs.obj (ECanaMOTORegsFile)

ECanaMboxesFile 
*          1    00006100    00000100     UNINITIALIZED
                  00006100    00000100     F2806x_GlobalVariableDefs.obj (ECanaMboxesFile)

Comp1RegsFile 
*          1    00006400    00000007     UNINITIALIZED
                  00006400    00000007     F2806x_GlobalVariableDefs.obj (Comp1RegsFile)

Comp2RegsFile 
*          1    00006420    00000007     UNINITIALIZED
                  00006420    00000007     F2806x_GlobalVariableDefs.obj (Comp2RegsFile)

Comp3RegsFile 
*          1    00006440    00000007     UNINITIALIZED
                  00006440    00000007     F2806x_GlobalVariableDefs.obj (Comp3RegsFile)

EPwm1RegsFile 
*          1    00006800    00000040     UNINITIALIZED
                  00006800    00000040     F2806x_GlobalVariableDefs.obj (EPwm1RegsFile)

EPwm2RegsFile 
*          1    00006840    00000040     UNINITIALIZED
                  00006840    00000040     F2806x_GlobalVariableDefs.obj (EPwm2RegsFile)

EPwm3RegsFile 
*          1    00006880    00000040     UNINITIALIZED
                  00006880    00000040     F2806x_GlobalVariableDefs.obj (EPwm3RegsFile)

EPwm4RegsFile 
*          1    000068c0    00000040     UNINITIALIZED
                  000068c0    00000040     F2806x_GlobalVariableDefs.obj (EPwm4RegsFile)

EPwm5RegsFile 
*          1    00006900    00000040     UNINITIALIZED
                  00006900    00000040     F2806x_GlobalVariableDefs.obj (EPwm5RegsFile)

EPwm6RegsFile 
*          1    00006940    00000040     UNINITIALIZED
                  00006940    00000040     F2806x_GlobalVariableDefs.obj (EPwm6RegsFile)

EPwm7RegsFile 
*          1    00006980    00000040     UNINITIALIZED
                  00006980    00000040     F2806x_GlobalVariableDefs.obj (EPwm7RegsFile)

EPwm8RegsFile 
*          1    000069c0    00000040     UNINITIALIZED
                  000069c0    00000040     F2806x_GlobalVariableDefs.obj (EPwm8RegsFile)

ECap1RegsFile 
*          1    00006a00    00000020     UNINITIALIZED
                  00006a00    00000020     F2806x_GlobalVariableDefs.obj (ECap1RegsFile)

ECap2RegsFile 
*          1    00006a20    00000020     UNINITIALIZED
                  00006a20    00000020     F2806x_GlobalVariableDefs.obj (ECap2RegsFile)

ECap3RegsFile 
*          1    00006a40    00000020     UNINITIALIZED
                  00006a40    00000020     F2806x_GlobalVariableDefs.obj (ECap3RegsFile)

EQep1RegsFile 
*          1    00006b00    00000022     UNINITIALIZED
                  00006b00    00000022     F2806x_GlobalVariableDefs.obj (EQep1RegsFile)

EQep2RegsFile 
*          1    00006b40    00000022     UNINITIALIZED
                  00006b40    00000022     F2806x_GlobalVariableDefs.obj (EQep2RegsFile)

GpioCtrlRegsFile 
*          1    00006f80    00000040     UNINITIALIZED
                  00006f80    00000040     F2806x_GlobalVariableDefs.obj (GpioCtrlRegsFile)

GpioDataRegsFile 
*          1    00006fc0    00000020     UNINITIALIZED
                  00006fc0    00000020     F2806x_GlobalVariableDefs.obj (GpioDataRegsFile)

GpioIntRegsFile 
*          1    00006fe0    00000020     UNINITIALIZED
                  00006fe0    00000020     F2806x_GlobalVariableDefs.obj (GpioIntRegsFile)

SysCtrlRegsFile 
*          1    00007010    00000030     UNINITIALIZED
                  00007010    00000030     F2806x_GlobalVariableDefs.obj (SysCtrlRegsFile)

SpiaRegsFile 
*          1    00007040    00000010     UNINITIALIZED
                  00007040    00000010     F2806x_GlobalVariableDefs.obj (SpiaRegsFile)

SciaRegsFile 
*          1    00007050    00000010     UNINITIALIZED
                  00007050    00000010     F2806x_GlobalVariableDefs.obj (SciaRegsFile)

NmiIntruptRegsFile 
*          1    00007060    00000010     UNINITIALIZED
                  00007060    00000010     F2806x_GlobalVariableDefs.obj (NmiIntruptRegsFile)

XIntruptRegsFile 
*          1    00007070    00000010     UNINITIALIZED
                  00007070    00000010     F2806x_GlobalVariableDefs.obj (XIntruptRegsFile)

AdcRegsFile 
*          1    00007100    00000050     UNINITIALIZED
                  00007100    00000050     F2806x_GlobalVariableDefs.obj (AdcRegsFile)

SpibRegsFile 
*          1    00007740    00000010     UNINITIALIZED
                  00007740    00000010     F2806x_GlobalVariableDefs.obj (SpibRegsFile)

ScibRegsFile 
*          1    00007750    00000010     UNINITIALIZED
                  00007750    00000010     F2806x_GlobalVariableDefs.obj (ScibRegsFile)

I2caRegsFile 
*          1    00007900    00000022     UNINITIALIZED
                  00007900    00000022     F2806x_GlobalVariableDefs.obj (I2caRegsFile)

PartIdRegsFile 
*          1    003d7e80    00000001     UNINITIALIZED
                  003d7e80    00000001     F2806x_GlobalVariableDefs.obj (PartIdRegsFile)

CsmPwlFile 
*          1    003f7ff8    00000008     UNINITIALIZED
                  003f7ff8    00000008     F2806x_GlobalVariableDefs.obj (CsmPwlFile)

MODULE SUMMARY

       Module                          code   initialized data   uninitialized data
       ------                          ----   ----------------   ------------------
    .\
       main.obj                        39     0                  0                 
    +--+-------------------------------+------+------------------+--------------------+
       Total:                          39     0                  0                 
                                                                                   
    .\Core\Src\
       foc.obj                         1384   50                 82                
       smo.obj                         492    15                 36                
       pwm.obj                         408    0                  0                 
       adc.obj                         220    14                 8                 
       pid.obj                         242    0                  0                 
       timer.obj                       125    4                  1                 
       paremeter.obj                   0      43                 34                
       gpio.obj                        28     0                  0                 
    +--+-------------------------------+------+------------------+--------------------+
       Total:                          2899   126                161               
                                                                                   
    .\System\
       F2806x_GlobalVariableDefs.obj   0      0                  2275              
       F2806x_DefaultIsr.obj           873    0                  0                 
       F2806x_Adc.obj                  526    0                  0                 
       F2806x_SysCtrl.obj              338    0                  0                 
       F2806x_PieVect.obj              38     256                0                 
       F2806x_CpuTimers.obj            117    0                  24                
       F2806x_PieCtrl.obj              40     0                  0                 
       F2806x_CodeStartBranch.obj      10     0                  0                 
       F2806x_DisInt.obj               7      0                  0                 
       F2806x_usDelay.obj              4      0                  0                 
       F2806x_DBGIER.obj               3      0                  0                 
    +--+-------------------------------+------+------------------+--------------------+
       Total:                          1956   256                2299              
                                                                                   
    D:\CCS\ccs\tools\compiler\ti-cgt-c2000_20.2.2.LTS\lib\rts2800_fpu32.lib
       e_fmodf.c.obj                   207    6                  0                 
       fs_div28.asm.obj                136    0                  0                 
       s_cosf.c.obj                    99     0                  0                 
       s_sinf.c.obj                    89     0                  0                 
       boot28.asm.obj                  86     0                  0                 
       exit.c.obj                      41     14                 6                 
       cpy_tbl.c.obj                   36     0                  0                 
       memcpy.c.obj                    29     0                  0                 
       _lock.c.obj                     9      10                 4                 
       args_main.c.obj                 18     0                  0                 
       pre_init.c.obj                  2      0                  0                 
       startup.c.obj                   1      0                  0                 
    +--+-------------------------------+------+------------------+--------------------+
       Total:                          753    30                 10                
                                                                                   
       Stack:                          0      0                  768               
    +--+-------------------------------+------+------------------+--------------------+
       Grand Total:                    5647   412                3238              


GLOBAL DATA SYMBOLS: SORTED BY DATA PAGE

address     data page           name
--------    ----------------    ----
00000050       1 (00000040)     __stack

00000880      22 (00000880)     _DevEmuRegs

00000985      26 (00000980)     _SysPwrCtrlRegs

00000a80      2a (00000a80)     _FlashRegs

00000ae0      2b (00000ac0)     _CsmRegs

00000b00      2c (00000b00)     _AdcResult

00000c00      30 (00000c00)     _CpuTimer0Regs
00000c08      30 (00000c00)     _CpuTimer1Regs
00000c10      30 (00000c00)     _CpuTimer2Regs

00000ce0      33 (00000cc0)     _PieCtrlRegs

00000d00      34 (00000d00)     _EmuKey
00000d00      34 (00000d00)     _PieVectTable
00000d01      34 (00000d00)     _EmuBMode
00000d02      34 (00000d00)     _Flash_CallbackPtr
00000d04      34 (00000d00)     _Flash_CPUScaleFactor

00001000      40 (00001000)     _DmaRegs

00001400      50 (00001400)     _Cla1Regs

00005000     140 (00005000)     _McbspaRegs

00006000     180 (00006000)     _ECanaRegs

00006040     181 (00006040)     _ECanaLAMRegs

00006080     182 (00006080)     _ECanaMOTSRegs

000060c0     183 (000060c0)     _ECanaMOTORegs

00006100     184 (00006100)     _ECanaMboxes

00006400     190 (00006400)     _Comp1Regs
00006420     190 (00006400)     _Comp2Regs

00006440     191 (00006440)     _Comp3Regs

00006800     1a0 (00006800)     _EPwm1Regs

00006840     1a1 (00006840)     _EPwm2Regs

00006880     1a2 (00006880)     _EPwm3Regs

000068c0     1a3 (000068c0)     _EPwm4Regs

00006900     1a4 (00006900)     _EPwm5Regs

00006940     1a5 (00006940)     _EPwm6Regs

00006980     1a6 (00006980)     _EPwm7Regs

000069c0     1a7 (000069c0)     _EPwm8Regs

00006a00     1a8 (00006a00)     _ECap1Regs
00006a20     1a8 (00006a00)     _ECap2Regs

00006a40     1a9 (00006a40)     _ECap3Regs

00006b00     1ac (00006b00)     _EQep1Regs

00006b40     1ad (00006b40)     _EQep2Regs

00006f80     1be (00006f80)     _GpioCtrlRegs

00006fc0     1bf (00006fc0)     _GpioDataRegs
00006fe0     1bf (00006fc0)     _GpioIntRegs

00007010     1c0 (00007000)     _SysCtrlRegs

00007040     1c1 (00007040)     _SpiaRegs
00007050     1c1 (00007040)     _SciaRegs
00007060     1c1 (00007040)     _NmiIntruptRegs
00007070     1c1 (00007040)     _XIntruptRegs

00007100     1c4 (00007100)     _AdcRegs

00007740     1dd (00007740)     _SpibRegs
00007750     1dd (00007740)     _ScibRegs

00007900     1e4 (00007900)     _I2caRegs

00008c10     230 (00008c00)     _filter_data
00008c14     230 (00008c00)     _Curr_foc
00008c1c     230 (00008c00)     _Vol_foc
00008c24     230 (00008c00)     _PID_Iq

00008c40     231 (00008c40)     _PID_Id
00008c58     231 (00008c40)     _smo
00008c76     231 (00008c40)     _V_all
00008c78     231 (00008c40)     _Curr_threephase
00008c7e     231 (00008c40)     __lock

00008c80     232 (00008c80)     _CpuTimer0
00008c88     232 (00008c80)     _CpuTimer1
00008c90     232 (00008c80)     _CpuTimer2
00008c98     232 (00008c80)     _Id_PID_paremeters
00008ca6     232 (00008c80)     _Iq_PID_paremeters
00008cb4     232 (00008c80)     _SMO_paremeters
00008cba     232 (00008c80)     ___TI_enable_exit_profile_output
00008cbc     232 (00008c80)     ___TI_cleanup_ptr
00008cbe     232 (00008c80)     ___TI_dtors_ptr

00008cc0     233 (00008cc0)     __unlock
00008cc2     233 (00008cc0)     _ms_1000

003d7e80    f5fa (003d7e80)     _PartIdRegs

003f560a    fd58 (003f5600)     _PieVectTableInit

003f7ff8    fdff (003f7fc0)     _CsmPwl


GLOBAL SYMBOLS: SORTED ALPHABETICALLY BY Name 

page  address   name                            
----  -------   ----                            
0     003f4000  .text                           
0     003f54de  C$$EXIT                         
0     003f5176  FS$$DIV                         
0     003f4626  _ADCINT1_ISR                    
0     003f4630  _ADCINT2_ISR                    
0     003f4806  _ADCINT3_ISR                    
0     003f4810  _ADCINT4_ISR                    
0     003f481a  _ADCINT5_ISR                    
0     003f4824  _ADCINT6_ISR                    
0     003f482e  _ADCINT7_ISR                    
0     003f4838  _ADCINT8_ISR                    
0     003f464e  _ADCINT9_ISR                    
0     003f4942  _AdcChanSelect                  
0     003f49b7  _AdcConversion                  
0     003f491b  _AdcOffsetSelfCal               
1     00007100  _AdcRegs                        
1     00000b00  _AdcResult                      
0     003f51fe  _Adc_Init_Epwm                  
0     003f52ec  _Adc_get_data                   
0     003f4842  _CLA1_INT1_ISR                  
0     003f484c  _CLA1_INT2_ISR                  
0     003f4856  _CLA1_INT3_ISR                  
0     003f4860  _CLA1_INT4_ISR                  
0     003f486a  _CLA1_INT5_ISR                  
0     003f4874  _CLA1_INT6_ISR                  
0     003f487e  _CLA1_INT7_ISR                  
0     003f4888  _CLA1_INT8_ISR                  
1     00001400  _Cla1Regs                       
0     003f4030  _Clark                          
1     00006400  _Comp1Regs                      
1     00006420  _Comp2Regs                      
1     00006440  _Comp3Regs                      
0     003f52b2  _ConfigCpuTimer                 
1     00008c80  _CpuTimer0                      
1     00000c00  _CpuTimer0Regs                  
1     00008c88  _CpuTimer1                      
1     00000c08  _CpuTimer1Regs                  
1     00008c90  _CpuTimer2                      
1     00000c10  _CpuTimer2Regs                  
1     003f7ff8  _CsmPwl                         
1     00000ae0  _CsmRegs                        
0     003f4f36  _CsmUnlock                      
1     00008c14  _Curr_foc                       
1     00008c78  _Curr_threephase                
0     003f457c  _DATALOG_ISR                    
0     003f477a  _DINTCH1_ISR                    
0     003f4784  _DINTCH2_ISR                    
0     003f478e  _DINTCH3_ISR                    
0     003f4798  _DINTCH4_ISR                    
0     003f47a2  _DINTCH5_ISR                    
0     003f47ac  _DINTCH6_ISR                    
0     003f55fc  _DSP28x_DisableInt              
0     003f5600  _DSP28x_RestoreInt              
0     003e8000  _DSP28x_usDelay                 
1     00000880  _DevEmuRegs                     
0     003f4e87  _DisableDog                     
1     00001000  _DmaRegs                        
0     003f47f2  _ECAN0INTA_ISR                  
0     003f47fc  _ECAN1INTA_ISR                  
0     003f470c  _ECAP1_INT_ISR                  
0     003f4716  _ECAP2_INT_ISR                  
0     003f4720  _ECAP3_INT_ISR                  
1     00006040  _ECanaLAMRegs                   
1     000060c0  _ECanaMOTORegs                  
1     00006080  _ECanaMOTSRegs                  
1     00006100  _ECanaMboxes                    
1     00006000  _ECanaRegs                      
1     00006a00  _ECap1Regs                      
1     00006a20  _ECap2Regs                      
1     00006a40  _ECap3Regs                      
0     003f48b0  _EMPTY_ISR                      
0     003f4590  _EMUINT_ISR                     
0     003f46bc  _EPWM1_INT_ISR                  
0     003f466c  _EPWM1_TZINT_ISR                
0     003f46c6  _EPWM2_INT_ISR                  
0     003f4676  _EPWM2_TZINT_ISR                
0     003f46d0  _EPWM3_INT_ISR                  
0     003f4680  _EPWM3_TZINT_ISR                
0     003f46da  _EPWM4_INT_ISR                  
0     003f468a  _EPWM4_TZINT_ISR                
0     003f46e4  _EPWM5_INT_ISR                  
0     003f4694  _EPWM5_TZINT_ISR                
0     003f46ee  _EPWM6_INT_ISR                  
0     003f469e  _EPWM6_TZINT_ISR                
0     003f46f8  _EPWM7_INT_ISR                  
0     003f46a8  _EPWM7_TZINT_ISR                
0     003f4702  _EPWM8_INT_ISR                  
0     003f46b2  _EPWM8_TZINT_ISR                
1     00006800  _EPwm1Regs                      
1     00006840  _EPwm2Regs                      
1     00006880  _EPwm3Regs                      
1     000068c0  _EPwm4Regs                      
1     00006900  _EPwm5Regs                      
1     00006940  _EPwm6Regs                      
1     00006980  _EPwm7Regs                      
1     000069c0  _EPwm8Regs                      
0     003f472a  _EQEP1_INT_ISR                  
0     003f4734  _EQEP2_INT_ISR                  
1     00006b00  _EQep1Regs                      
1     00006b40  _EQep2Regs                      
1     00000d01  _EmuBMode                       
1     00000d00  _EmuKey                         
0     003f5526  _EnableInterrupts               
0     003f4cef  _Epwm_gpio_init                 
0     003f4d3c  _Epwm_init                      
0     003f4f9f  _ExtOscSel                      
1     00000a80  _FlashRegs                      
1     00000d04  _Flash_CPUScaleFactor           
1     00000d02  _Flash_CallbackPtr              
1     00006f80  _GpioCtrlRegs                   
1     00006fc0  _GpioDataRegs                   
1     00006fe0  _GpioIntRegs                    
0     003f47b6  _I2CINT1A_ISR                   
0     003f47c0  _I2CINT2A_ISR                   
1     00007900  _I2caRegs                       
0     003f4379  _IF_OpenLoop_Control            
0     003f45a4  _ILLEGAL_ISR                    
0     003f4568  _INT13_ISR                      
0     003f4572  _INT14_ISR                      
1     00008c98  _Id_PID_paremeters              
0     003f48d1  _InitAdc                        
0     003f48f9  _InitAdcAio                     
0     003f5277  _InitCpuTimers                  
0     003f55bd  _InitLEDGPIO                    
0     003f55cb  _InitMotor                      
0     003f4ee4  _InitPeripheralClocks           
0     003f5507  _InitPieCtrl                    
0     003f5556  _InitPieVectTable               
0     003f4e8f  _InitPll                        
0     003f4e63  _InitSysCtrl                    
0     003f4f67  _IntOsc1Sel                     
0     003f4f77  _IntOsc2Sel                     
0     003f4076  _Ipark                          
1     00008ca6  _Iq_PID_paremeters              
0     003f48a6  _LUF_ISR                        
0     003f489c  _LVF_ISR                        
0     003f4766  _MRINTA_ISR                     
0     003f4770  _MXINTA_ISR                     
1     00005000  _McbspaRegs                     
0     003f4ccb  _Motor_pwm_init                 
0     003f459a  _NMI_ISR                        
1     00007060  _NmiIntruptRegs                 
0     003f4286  _OpenLoopVF_Startup             
0     003f4fe6  _PID_Calculate                  
1     00008c40  _PID_Id                         
0     003f4fb5  _PID_Init                       
1     00008c24  _PID_Iq                         
0     003f4023  _PID_Load                       
0     003f4000  _PID_PreLoad                    
0     003f509b  _PID_Reset                      
0     003f48bd  _PIE_RESERVED                   
0     003f404b  _Park                           
1     003d7e80  _PartIdRegs                     
1     00000ce0  _PieCtrlRegs                    
1     00000d00  _PieVectTable                   
0     003f560a  _PieVectTableInit               
0     003f4586  _RTOSINT_ISR                    
0     003f47ca  _SCIRXINTA_ISR                  
0     003f47de  _SCIRXINTB_ISR                  
0     003f47d4  _SCITXINTA_ISR                  
0     003f47e8  _SCITXINTB_ISR                  
0     003f4adf  _SMO_Init                       
0     003f4c07  _SMO_PLL_Update                 
0     003f4b68  _SMO_Update                     
1     00008cb4  _SMO_paremeters                 
0     003f473e  _SPIRXINTA_ISR                  
0     003f4752  _SPIRXINTB_ISR                  
0     003f4748  _SPITXINTA_ISR                  
0     003f475c  _SPITXINTB_ISR                  
1     00007050  _SciaRegs                       
1     00007750  _ScibRegs                       
0     003f4e7d  _ServiceDog                     
0     003f5603  _SetDBGIER                      
1     00007040  _SpiaRegs                       
1     00007740  _SpibRegs                       
0     003f40a1  _Svpwm                          
1     00007010  _SysCtrlRegs                    
1     00000985  _SysPwrCtrlRegs                 
0     003f5461  _TIM0_IRQ                       
0     003f4658  _TINT0_ISR                      
0     003f54a4  _Time0_Init                     
0     003f4608  _USER10_ISR                     
0     003f4612  _USER11_ISR                     
0     003f461c  _USER12_ISR                     
0     003f45ae  _USER1_ISR                      
0     003f45b8  _USER2_ISR                      
0     003f45c2  _USER3_ISR                      
0     003f45cc  _USER4_ISR                      
0     003f45d6  _USER5_ISR                      
0     003f45e0  _USER6_ISR                      
0     003f45ea  _USER7_ISR                      
0     003f45f4  _USER8_ISR                      
0     003f45fe  _USER9_ISR                      
0     003f42f5  _VF_OpenLoop_Control            
1     00008c76  _V_all                          
1     00008c1c  _Vol_foc                        
0     003f4662  _WAKEINT_ISR                    
0     003f463a  _XINT1_ISR                      
0     003f4644  _XINT2_ISR                      
0     003f4892  _XINT3_ISR                      
1     00007070  _XIntruptRegs                   
0     003f4f8b  _XtalOscSel                     
1     00000350  __STACK_END                     
abs   00000300  __STACK_SIZE                    
1     00008cbc  ___TI_cleanup_ptr               
1     00008cbe  ___TI_dtors_ptr                 
1     00008cba  ___TI_enable_exit_profile_output
abs   ffffffff  ___TI_pprof_out_hndl            
abs   ffffffff  ___TI_prof_data_size            
abs   ffffffff  ___TI_prof_data_start           
abs   ffffffff  ___binit__                      
abs   ffffffff  ___c_args__                     
0     003f5710  ___cinit__                      
0     003f5609  ___etext__                      
abs   ffffffff  ___pinit__                      
0     003f4000  ___text__                       
0     003f55d9  __args_main                     
1     00008c7e  __lock                          
0     003f55f3  __nop                           
0     003f55ef  __register_lock                 
0     003f55eb  __register_unlock               
1     00000050  __stack                         
0     003f5608  __system_post_cinit             
0     003f5606  __system_pre_init               
1     00008cc0  __unlock                        
0     003f54de  _abort                          
0     003f540b  _c_int00                        
0     003f4319  _calculateRequiredIq            
0     003f557c  _copy_in                        
0     003f534f  _cos                            
0     003f534f  _cosf                           
0     003f54e0  _exit                           
1     00008c10  _filter_data                    
0     003f50a7  _fmod                           
0     003f50a7  _fmodf                          
0     003f552f  _main                           
0     003f55a0  _memcpy                         
1     00008cc2  _ms_1000                        
0     003f48c7  _rsvd_ISR                       
0     003f53b2  _sin                            
0     003f53b2  _sinf                           
1     00008c58  _smo                            
abs   ffffffff  binit                           
0     003f5710  cinit                           
0     003f7ff6  code_start                      
0     003f5609  etext                           
abs   ffffffff  pinit                           


GLOBAL SYMBOLS: SORTED BY Symbol Address 

page  address   name                            
----  -------   ----                            
0     003e8000  _DSP28x_usDelay                 
0     003f4000  .text                           
0     003f4000  _PID_PreLoad                    
0     003f4000  ___text__                       
0     003f4023  _PID_Load                       
0     003f4030  _Clark                          
0     003f404b  _Park                           
0     003f4076  _Ipark                          
0     003f40a1  _Svpwm                          
0     003f4286  _OpenLoopVF_Startup             
0     003f42f5  _VF_OpenLoop_Control            
0     003f4319  _calculateRequiredIq            
0     003f4379  _IF_OpenLoop_Control            
0     003f4568  _INT13_ISR                      
0     003f4572  _INT14_ISR                      
0     003f457c  _DATALOG_ISR                    
0     003f4586  _RTOSINT_ISR                    
0     003f4590  _EMUINT_ISR                     
0     003f459a  _NMI_ISR                        
0     003f45a4  _ILLEGAL_ISR                    
0     003f45ae  _USER1_ISR                      
0     003f45b8  _USER2_ISR                      
0     003f45c2  _USER3_ISR                      
0     003f45cc  _USER4_ISR                      
0     003f45d6  _USER5_ISR                      
0     003f45e0  _USER6_ISR                      
0     003f45ea  _USER7_ISR                      
0     003f45f4  _USER8_ISR                      
0     003f45fe  _USER9_ISR                      
0     003f4608  _USER10_ISR                     
0     003f4612  _USER11_ISR                     
0     003f461c  _USER12_ISR                     
0     003f4626  _ADCINT1_ISR                    
0     003f4630  _ADCINT2_ISR                    
0     003f463a  _XINT1_ISR                      
0     003f4644  _XINT2_ISR                      
0     003f464e  _ADCINT9_ISR                    
0     003f4658  _TINT0_ISR                      
0     003f4662  _WAKEINT_ISR                    
0     003f466c  _EPWM1_TZINT_ISR                
0     003f4676  _EPWM2_TZINT_ISR                
0     003f4680  _EPWM3_TZINT_ISR                
0     003f468a  _EPWM4_TZINT_ISR                
0     003f4694  _EPWM5_TZINT_ISR                
0     003f469e  _EPWM6_TZINT_ISR                
0     003f46a8  _EPWM7_TZINT_ISR                
0     003f46b2  _EPWM8_TZINT_ISR                
0     003f46bc  _EPWM1_INT_ISR                  
0     003f46c6  _EPWM2_INT_ISR                  
0     003f46d0  _EPWM3_INT_ISR                  
0     003f46da  _EPWM4_INT_ISR                  
0     003f46e4  _EPWM5_INT_ISR                  
0     003f46ee  _EPWM6_INT_ISR                  
0     003f46f8  _EPWM7_INT_ISR                  
0     003f4702  _EPWM8_INT_ISR                  
0     003f470c  _ECAP1_INT_ISR                  
0     003f4716  _ECAP2_INT_ISR                  
0     003f4720  _ECAP3_INT_ISR                  
0     003f472a  _EQEP1_INT_ISR                  
0     003f4734  _EQEP2_INT_ISR                  
0     003f473e  _SPIRXINTA_ISR                  
0     003f4748  _SPITXINTA_ISR                  
0     003f4752  _SPIRXINTB_ISR                  
0     003f475c  _SPITXINTB_ISR                  
0     003f4766  _MRINTA_ISR                     
0     003f4770  _MXINTA_ISR                     
0     003f477a  _DINTCH1_ISR                    
0     003f4784  _DINTCH2_ISR                    
0     003f478e  _DINTCH3_ISR                    
0     003f4798  _DINTCH4_ISR                    
0     003f47a2  _DINTCH5_ISR                    
0     003f47ac  _DINTCH6_ISR                    
0     003f47b6  _I2CINT1A_ISR                   
0     003f47c0  _I2CINT2A_ISR                   
0     003f47ca  _SCIRXINTA_ISR                  
0     003f47d4  _SCITXINTA_ISR                  
0     003f47de  _SCIRXINTB_ISR                  
0     003f47e8  _SCITXINTB_ISR                  
0     003f47f2  _ECAN0INTA_ISR                  
0     003f47fc  _ECAN1INTA_ISR                  
0     003f4806  _ADCINT3_ISR                    
0     003f4810  _ADCINT4_ISR                    
0     003f481a  _ADCINT5_ISR                    
0     003f4824  _ADCINT6_ISR                    
0     003f482e  _ADCINT7_ISR                    
0     003f4838  _ADCINT8_ISR                    
0     003f4842  _CLA1_INT1_ISR                  
0     003f484c  _CLA1_INT2_ISR                  
0     003f4856  _CLA1_INT3_ISR                  
0     003f4860  _CLA1_INT4_ISR                  
0     003f486a  _CLA1_INT5_ISR                  
0     003f4874  _CLA1_INT6_ISR                  
0     003f487e  _CLA1_INT7_ISR                  
0     003f4888  _CLA1_INT8_ISR                  
0     003f4892  _XINT3_ISR                      
0     003f489c  _LVF_ISR                        
0     003f48a6  _LUF_ISR                        
0     003f48b0  _EMPTY_ISR                      
0     003f48bd  _PIE_RESERVED                   
0     003f48c7  _rsvd_ISR                       
0     003f48d1  _InitAdc                        
0     003f48f9  _InitAdcAio                     
0     003f491b  _AdcOffsetSelfCal               
0     003f4942  _AdcChanSelect                  
0     003f49b7  _AdcConversion                  
0     003f4adf  _SMO_Init                       
0     003f4b68  _SMO_Update                     
0     003f4c07  _SMO_PLL_Update                 
0     003f4ccb  _Motor_pwm_init                 
0     003f4cef  _Epwm_gpio_init                 
0     003f4d3c  _Epwm_init                      
0     003f4e63  _InitSysCtrl                    
0     003f4e7d  _ServiceDog                     
0     003f4e87  _DisableDog                     
0     003f4e8f  _InitPll                        
0     003f4ee4  _InitPeripheralClocks           
0     003f4f36  _CsmUnlock                      
0     003f4f67  _IntOsc1Sel                     
0     003f4f77  _IntOsc2Sel                     
0     003f4f8b  _XtalOscSel                     
0     003f4f9f  _ExtOscSel                      
0     003f4fb5  _PID_Init                       
0     003f4fe6  _PID_Calculate                  
0     003f509b  _PID_Reset                      
0     003f50a7  _fmod                           
0     003f50a7  _fmodf                          
0     003f5176  FS$$DIV                         
0     003f51fe  _Adc_Init_Epwm                  
0     003f5277  _InitCpuTimers                  
0     003f52b2  _ConfigCpuTimer                 
0     003f52ec  _Adc_get_data                   
0     003f534f  _cos                            
0     003f534f  _cosf                           
0     003f53b2  _sin                            
0     003f53b2  _sinf                           
0     003f540b  _c_int00                        
0     003f5461  _TIM0_IRQ                       
0     003f54a4  _Time0_Init                     
0     003f54de  C$$EXIT                         
0     003f54de  _abort                          
0     003f54e0  _exit                           
0     003f5507  _InitPieCtrl                    
0     003f5526  _EnableInterrupts               
0     003f552f  _main                           
0     003f5556  _InitPieVectTable               
0     003f557c  _copy_in                        
0     003f55a0  _memcpy                         
0     003f55bd  _InitLEDGPIO                    
0     003f55cb  _InitMotor                      
0     003f55d9  __args_main                     
0     003f55eb  __register_unlock               
0     003f55ef  __register_lock                 
0     003f55f3  __nop                           
0     003f55fc  _DSP28x_DisableInt              
0     003f5600  _DSP28x_RestoreInt              
0     003f5603  _SetDBGIER                      
0     003f5606  __system_pre_init               
0     003f5608  __system_post_cinit             
0     003f5609  ___etext__                      
0     003f5609  etext                           
0     003f560a  _PieVectTableInit               
0     003f5710  ___cinit__                      
0     003f5710  cinit                           
0     003f7ff6  code_start                      
1     00000050  __stack                         
1     00000350  __STACK_END                     
1     00000880  _DevEmuRegs                     
1     00000985  _SysPwrCtrlRegs                 
1     00000a80  _FlashRegs                      
1     00000ae0  _CsmRegs                        
1     00000b00  _AdcResult                      
1     00000c00  _CpuTimer0Regs                  
1     00000c08  _CpuTimer1Regs                  
1     00000c10  _CpuTimer2Regs                  
1     00000ce0  _PieCtrlRegs                    
1     00000d00  _EmuKey                         
1     00000d00  _PieVectTable                   
1     00000d01  _EmuBMode                       
1     00000d02  _Flash_CallbackPtr              
1     00000d04  _Flash_CPUScaleFactor           
1     00001000  _DmaRegs                        
1     00001400  _Cla1Regs                       
1     00005000  _McbspaRegs                     
1     00006000  _ECanaRegs                      
1     00006040  _ECanaLAMRegs                   
1     00006080  _ECanaMOTSRegs                  
1     000060c0  _ECanaMOTORegs                  
1     00006100  _ECanaMboxes                    
1     00006400  _Comp1Regs                      
1     00006420  _Comp2Regs                      
1     00006440  _Comp3Regs                      
1     00006800  _EPwm1Regs                      
1     00006840  _EPwm2Regs                      
1     00006880  _EPwm3Regs                      
1     000068c0  _EPwm4Regs                      
1     00006900  _EPwm5Regs                      
1     00006940  _EPwm6Regs                      
1     00006980  _EPwm7Regs                      
1     000069c0  _EPwm8Regs                      
1     00006a00  _ECap1Regs                      
1     00006a20  _ECap2Regs                      
1     00006a40  _ECap3Regs                      
1     00006b00  _EQep1Regs                      
1     00006b40  _EQep2Regs                      
1     00006f80  _GpioCtrlRegs                   
1     00006fc0  _GpioDataRegs                   
1     00006fe0  _GpioIntRegs                    
1     00007010  _SysCtrlRegs                    
1     00007040  _SpiaRegs                       
1     00007050  _SciaRegs                       
1     00007060  _NmiIntruptRegs                 
1     00007070  _XIntruptRegs                   
1     00007100  _AdcRegs                        
1     00007740  _SpibRegs                       
1     00007750  _ScibRegs                       
1     00007900  _I2caRegs                       
1     00008c10  _filter_data                    
1     00008c14  _Curr_foc                       
1     00008c1c  _Vol_foc                        
1     00008c24  _PID_Iq                         
1     00008c40  _PID_Id                         
1     00008c58  _smo                            
1     00008c76  _V_all                          
1     00008c78  _Curr_threephase                
1     00008c7e  __lock                          
1     00008c80  _CpuTimer0                      
1     00008c88  _CpuTimer1                      
1     00008c90  _CpuTimer2                      
1     00008c98  _Id_PID_paremeters              
1     00008ca6  _Iq_PID_paremeters              
1     00008cb4  _SMO_paremeters                 
1     00008cba  ___TI_enable_exit_profile_output
1     00008cbc  ___TI_cleanup_ptr               
1     00008cbe  ___TI_dtors_ptr                 
1     00008cc0  __unlock                        
1     00008cc2  _ms_1000                        
1     003d7e80  _PartIdRegs                     
1     003f7ff8  _CsmPwl                         
abs   00000300  __STACK_SIZE                    
abs   ffffffff  ___TI_pprof_out_hndl            
abs   ffffffff  ___TI_prof_data_size            
abs   ffffffff  ___TI_prof_data_start           
abs   ffffffff  ___binit__                      
abs   ffffffff  ___c_args__                     
abs   ffffffff  ___pinit__                      
abs   ffffffff  binit                           
abs   ffffffff  pinit                           

[247 symbols]
